106 gợi ý từ khoá · thị trường us,gb,au,ca,sg,ae · ghi viec/2026-09-17-eb5-co-dang-khong/tu-khoa.json
⚠ Đây là gợi ý tự hoàn thành của Google (người thật đang gõ), KHÔNG có số lượt tìm kiếm.
  6 thị trường · 18 lần · eb-5 visa explained
  6 thị trường · 12 lần · eb-5 visa requirements
  6 thị trường · 12 lần · eb-5 visa cost
  6 thị trường · 12 lần · eb-5 visa for indian
  6 thị trường · 12 lần · eb-5 investment requirements
  6 thị trường · 12 lần · how long is an eb 5 visa good for
  6 thị trường · 12 lần · eb 5 investment amount
  6 thị trường ·  6 lần · is eb 5 worth it
  6 thị trường ·  6 lần · eb-5 visa minimum investment
  6 thị trường ·  6 lần · eb-5 visa vs gold card
  6 thị trường ·  6 lần · eb 5 visa how to get
  6 thị trường ·  6 lần · eb-5 visa benefits
  6 thị trường ·  6 lần · eb-5 visa processing time
  6 thị trường ·  6 lần · eb-5 investment
  6 thị trường ·  6 lần · eb 5 investment cost
  6 thị trường ·  6 lần · eb 5 investment in real estate
  6 thị trường ·  6 lần · eb 5 investment process timeline
  6 thị trường ·  6 lần · is eb 5 visa worth it
  6 thị trường ·  6 lần · eb-5 visa
  6 thị trường ·  6 lần · eb-5 visa requirements for indian citizens
  6 thị trường ·  6 lần · eb-5 visa cost in inr
  6 thị trường ·  6 lần · eb 5 visa for canadian
  6 thị trường ·  6 lần · eb 5 visa vs trump gold card
  6 thị trường ·  6 lần · eb 5 visa to citizenship
  6 thị trường ·  6 lần · eb 5 visa benefits challenges
